// Jest Snapshot v1, https://goo.gl/fbAQLP

exports[`RecipePage matches snapshot 1`] = `
<DocumentFragment>
  <header
    class="bg-gray-800 text-white p-4"
  >
    <nav>
      <a
        href="/"
      >
        <span
          class="mx-2 cursor-pointer"
        >
          Home
        </span>
      </a>
      <a
        href="/recipes"
      >
        <span
          class="mx-2 cursor-pointer"
        >
          Recipes
        </span>
      </a>
      <a
        href="/articles"
      >
        <span
          class="mx-2 cursor-pointer"
        >
          Articles
        </span>
      </a>
      <a
        href="/about"
      >
        <span
          class="mx-2 cursor-pointer"
        >
          About
        </span>
      </a>
      <a
        href="/contact"
      >
        <span
          class="mx-2 cursor-pointer"
        >
          Contact
        </span>
      </a>
    </nav>
  </header>
  <main
    class="p-4"
  >
    <section
      class="my-16"
    >
      <a
        href="/recipes"
      >
        <span
          class="inline-flex items-center text-blue-500 hover:text-blue-700 mb-8"
        >
          <svg
            class="h-6 w-6 mr-2"
            fill="none"
            stroke="currentColor"
            viewBox="0 0 24 24"
            xmlns="http://www.w3.org/2000/svg"
          >
            <path
              d="M11 17l-5-5m0 0l5-5m-5 5h12"
              stroke-linecap="round"
              stroke-linejoin="round"
              stroke-width="2"
            />
          </svg>
          Back to List
        </span>
      </a>
      <div
        class="mb-8"
      >
        <h1
          class="text-3xl font-bold"
        >
          Spaghetti Carbonara
        </h1>
        <div
          class="text-sm text-gray-500 mt-2"
        >
          <span>
            By john_doe
          </span>
          <span>
             • 
          </span>
          <span>
            Posted on 2023-04-08
          </span>
          <span>
             • 
          </span>
          <span>
            Category: Pasta
          </span>
        </div>
      </div>
      <div
        class="mb-8"
      >
        <img
          alt="Main image for Spaghetti Carbonara"
          class="w-full h-96 object-cover mb-4"
          src="/images/recipes/1/main.jpeg"
        />
      </div>
      <div
        class="mb-8"
      >
        <h2
          class="text-2xl font-bold mb-4"
        >
          Ingredients
        </h2>
        <ul
          class="list-disc pl-8"
        >
          <li>
            spaghetti
          </li>
          <li>
            eggs
          </li>
          <li>
            bacon
          </li>
          <li>
            cheese
          </li>
          <li>
            garlic
          </li>
        </ul>
      </div>
      <div
        class="mb-8"
      >
        <h2
          class="text-2xl font-bold mb-4"
        >
          Instructions
        </h2>
        <ol
          class="list-decimal pl-8"
        >
          <li>
            Boil water for spaghetti.
          </li>
          <li>
            Cook spaghetti according to package instructions.
          </li>
          <li>
            Meanwhile, whisk eggs and cheese together in a bowl.
          </li>
          <li>
            Cook bacon in a pan, then add garlic.
          </li>
          <li>
            Drain spaghetti and add to the pan with bacon and garlic.
          </li>
          <li>
            Remove pan from heat and stir in egg mixture.
          </li>
          <li>
            Serve immediately.
          </li>
        </ol>
      </div>
      <div
        class="mb-8"
      >
        <h2
          class="text-2xl font-bold mb-4"
        >
          Comments
        </h2>
      </div>
    </section>
  </main>
  <footer
    class="bg-gray-800 text-white p-4"
  >
    <p>
      © 2023 PanPrzyGarach
    </p>
  </footer>
</DocumentFragment>
`;
